// Jest Snapshot v1, https://goo.gl/fbAQLP

exports[`Test UnprioritizedTasksList component Should renders UnprioritizedTasksList correctly 1`] = `
<View
  style={
    Array [
      Object {
        "backgroundColor": "#fff",
      },
      Object {
        "alignItems": "center",
        "flexDirection": "column",
        "justifyContent": "center",
        "marginBottom": 8,
        "marginLeft": "5%",
        "marginRight": "5%",
        "marginTop": 15,
        "width": "90%",
      },
    ]
  }
>
  <View
    style={
      Array [
        Object {
          "backgroundColor": "#fff",
        },
        Object {
          "alignItems": "center",
          "borderColor": "#848484",
          "borderRadius": 5,
          "borderWidth": 1,
          "flexDirection": "row",
          "justifyContent": "center",
          "marginBottom": 5,
          "marginTop": 5,
          "paddingBottom": 5,
          "paddingTop": 5,
          "width": "100%",
        },
      ]
    }
  >
    <Text
      style={
        Array [
          Object {
            "color": "#554F4F",
          },
          Object {
            "fontFamily": "Lexend-Regular",
            "fontSize": 14,
          },
        ]
      }
    >
      test tasks
    </Text>
  </View>
  <View
    style={
      Array [
        Object {
          "backgroundColor": "#fff",
        },
        Object {
          "alignItems": "center",
          "borderColor": "#848484",
          "borderRadius": 5,
          "borderWidth": 1,
          "flexDirection": "row",
          "justifyContent": "center",
          "marginBottom": 5,
          "marginTop": 5,
          "paddingBottom": 5,
          "paddingTop": 5,
          "width": "100%",
        },
      ]
    }
  >
    <Text
      style={
        Array [
          Object {
            "color": "#554F4F",
          },
          Object {
            "fontFamily": "Lexend-Regular",
            "fontSize": 14,
          },
        ]
      }
    >
      test tasks -1
    </Text>
  </View>
  <View
    style={
      Array [
        Object {
          "backgroundColor": "#fff",
        },
        Object {
          "alignItems": "center",
          "borderColor": "#848484",
          "borderRadius": 5,
          "borderWidth": 1,
          "flexDirection": "row",
          "justifyContent": "center",
          "marginBottom": 5,
          "marginTop": 5,
          "paddingBottom": 5,
          "paddingTop": 5,
          "width": "100%",
        },
      ]
    }
  >
    <Text
      style={
        Array [
          Object {
            "color": "#554F4F",
          },
          Object {
            "fontFamily": "Lexend-Regular",
            "fontSize": 14,
          },
        ]
      }
    >
      test tasks -2
    </Text>
  </View>
  <View
    style={
      Array [
        Object {
          "backgroundColor": "#fff",
        },
        Object {
          "marginBottom": 5,
          "marginTop": 5,
        },
      ]
    }
  >
    <Text
      style={
        Array [
          Object {
            "color": "#554F4F",
          },
          undefined,
        ]
      }
    >
      ...
    </Text>
  </View>
  <View
    style={
      Array [
        Object {
          "backgroundColor": "#fff",
        },
        Object {
          "alignItems": "center",
          "flexDirection": "row",
          "justifyContent": "space-between",
          "paddingTop": 30,
          "width": "100%",
        },
      ]
    }
  >
    <View
      accessible={true}
      focusable={false}
      onClick={[Function]}
      onResponderGrant={[Function]}
      onResponderMove={[Function]}
      onResponderRelease={[Function]}
      onResponderTerminate={[Function]}
      onResponderTerminationRequest={[Function]}
      onStartShouldSetResponder={[Function]}
      style={
        Object {
          "backgroundColor": "#fff",
          "opacity": 1,
        }
      }
    >
      <Text
        style={
          Array [
            Object {
              "color": "#554F4F",
            },
            Object {
              "fontFamily": "Lexend-Regular",
              "fontSize": 14,
              "textDecorationLine": "underline",
            },
          ]
        }
      >
        See All (90)
      </Text>
    </View>
    <View
      accessible={true}
      focusable={true}
      onClick={[Function]}
      onResponderGrant={[Function]}
      onResponderMove={[Function]}
      onResponderRelease={[Function]}
      onResponderTerminate={[Function]}
      onResponderTerminationRequest={[Function]}
      onStartShouldSetResponder={[Function]}
      style={
        Object {
          "backgroundColor": "#fff",
          "opacity": 1,
        }
      }
    >
      <Text
        style={
          Array [
            Object {
              "color": "#554F4F",
            },
            Object {
              "color": "#0FA858",
              "fontFamily": "Lexend-Regular",
              "fontSize": 14,
              "textDecorationLine": "underline",
            },
          ]
        }
      >
        Start Prioritizing
      </Text>
    </View>
  </View>
</View>
`;
