// Jest Snapshot v1, https://goo.gl/fbAQLP

exports[`Test PriorHeader component Should renders PriorHeader correctly 1`] = `
<View
  style={
    Array [
      Object {
        "backgroundColor": "#fff",
      },
      Object {
        "marginBottom": "10%",
        "marginTop": "6%",
      },
    ]
  }
>
  <View
    style={
      Array [
        Object {
          "backgroundColor": "#fff",
        },
        Object {
          "alignItems": "center",
          "flexDirection": "row",
          "height": "8%",
          "justifyContent": "flex-start",
        },
      ]
    }
  >
    <View
      style={
        Array [
          Object {
            "backgroundColor": "#fff",
          },
          Object {
            "paddingBottom": "5%",
            "paddingLeft": "5%",
            "paddingTop": "12%",
          },
        ]
      }
    >
      <View
        accessible={true}
        focusable={true}
        onClick={[Function]}
        onResponderGrant={[Function]}
        onResponderMove={[Function]}
        onResponderRelease={[Function]}
        onResponderTerminate={[Function]}
        onResponderTerminationRequest={[Function]}
        onStartShouldSetResponder={[Function]}
        style={
          Object {
            "alignItems": "center",
            "backgroundColor": "#fff",
            "flexDirection": "row",
            "justifyContent": "center",
            "opacity": 1,
          }
        }
      >
        <Image
          source={1}
          style={
            Object {
              "height": 18,
              "width": 18,
            }
          }
        />
      </View>
    </View>
  </View>
  <View
    style={
      Array [
        Object {
          "backgroundColor": "#fff",
        },
        Object {
          "marginTop": "10%",
          "paddingLeft": "10%",
        },
      ]
    }
  >
    <View
      style={
        Array [
          Object {
            "backgroundColor": "#fff",
          },
          Object {
            "alignItems": "center",
            "flexDirection": "row",
            "justifyContent": "flex-start",
            "width": "100%",
          },
        ]
      }
    >
      <Text
        style={
          Array [
            Object {
              "color": "#554F4F",
            },
            Object {
              "fontFamily": "Lexend-SemiBold",
              "fontSize": 20,
              "paddingRight": "3%",
            },
          ]
        }
      >
        Prioritizing
      </Text>
      <Image
        source={1}
        style={
          Object {
            "height": 32,
            "width": 32,
          }
        }
      />
    </View>
  </View>
  <View
    style={
      Array [
        Object {
          "backgroundColor": "#fff",
        },
        Object {
          "marginTop": "8%",
          "paddingLeft": "10%",
          "width": "90%",
        },
      ]
    }
  >
    <Text
      style={
        Array [
          Object {
            "color": "#554F4F",
          },
          Object {
            "fontFamily": "Lexend-SemiBold",
            "fontSize": 16,
            "paddingBottom": "5%",
          },
        ]
      }
    >
      Mock goal
    </Text>
  </View>
</View>
`;
