// Jest Snapshot v1, https://goo.gl/fbAQLP

exports[`Test TaskTitle component Should renders TaskTitle correctly 1`] = `
<Text
  style={
    Array [
      Object {
        "color": "#000000",
      },
      Object {
        "color": "#848484",
        "fontFamily": "Lexend-SemiBold",
        "fontSize": 18,
      },
    ]
  }
>
  Test title
</Text>
`;
