// Jest Snapshot v1, https://goo.gl/fbAQLP

exports[`Test TaskCounter component Should renders TaskCounter correctly 1`] = `
<Text
  style={
    Array [
      Object {
        "color": "#000000",
      },
      Object {
        "color": "#848484",
        "fontFamily": "Lexend-Regular",
        "fontSize": 14,
      },
    ]
  }
>
  Task (3 of 5)
</Text>
`;
