// Jest Snapshot v1, https://goo.gl/fbAQLP

exports[`Test GoalDetailHeader component Should renders GoalDetailHeader correctly 1`] = `
<View
  style={
    Array [
      Object {
        "backgroundColor": "#fff",
      },
      Object {
        "paddingBottom": 20,
      },
    ]
  }
>
  <View
    style={
      Array [
        Object {
          "backgroundColor": "#fff",
        },
        Object {
          "alignItems": "center",
          "flexDirection": "row",
          "height": "55%",
          "justifyContent": "flex-start",
        },
      ]
    }
  >
    <View
      style={
        Array [
          Object {
            "backgroundColor": "#fff",
          },
          Object {
            "paddingLeft": 25,
            "paddingTop": 0,
          },
        ]
      }
    >
      <View
        accessible={true}
        focusable={true}
        onClick={[Function]}
        onResponderGrant={[Function]}
        onResponderMove={[Function]}
        onResponderRelease={[Function]}
        onResponderTerminate={[Function]}
        onResponderTerminationRequest={[Function]}
        onStartShouldSetResponder={[Function]}
        style={
          Object {
            "alignItems": "center",
            "backgroundColor": "#fff",
            "flexDirection": "row",
            "justifyContent": "center",
            "opacity": 1,
          }
        }
      >
        <Image
          source={1}
          style={
            Object {
              "height": 20,
              "width": 20,
            }
          }
        />
      </View>
    </View>
  </View>
  <View
    style={
      Array [
        Object {
          "backgroundColor": "#fff",
        },
        Object {
          "paddingLeft": "8%",
        },
      ]
    }
  >
    <View
      style={
        Array [
          Object {
            "backgroundColor": "#fff",
          },
          Object {
            "alignItems": "center",
            "flexDirection": "row",
            "justifyContent": "flex-start",
            "paddingBottom": 5,
            "paddingTop": 0,
            "width": "100%",
          },
        ]
      }
    >
      <Text
        style={
          Array [
            Object {
              "color": "#554F4F",
            },
            Object {
              "fontFamily": "Lexend-SemiBold",
              "fontSize": 20,
              "marginRight": 15,
            },
          ]
        }
      >
        Testing the component
      </Text>
      <Image
        source={1}
        style={
          Object {
            "height": 32,
            "width": 32,
          }
        }
      />
    </View>
    <View
      style={
        Array [
          Object {
            "backgroundColor": "#fff",
          },
          Object {
            "paddingBottom": 5,
            "paddingTop": 5,
          },
        ]
      }
    >
      <Text
        style={
          Array [
            Object {
              "color": "#554F4F",
            },
            Object {
              "fontFamily": "Lexend-Regular",
              "fontSize": 16,
            },
          ]
        }
      >
        Want to get this right
      </Text>
    </View>
  </View>
</View>
`;
