// Jest Snapshot v1, https://goo.gl/fbAQLP

exports[`Test PrioritizedTasks component Should renders PrioritizedTasks correctly 1`] = `
<View
  style={
    Array [
      Object {
        "backgroundColor": "#fff",
      },
      Object {
        "borderColor": "#636262",
        "borderRadius": 5,
        "borderWidth": 0.5,
        "padding": 20,
        "shadowColor": "#171717",
        "shadowOffset": Object {
          "height": 5,
          "width": 3,
        },
        "shadowOpacity": 0.2,
        "shadowRadius": 3,
        "width": "90%",
      },
    ]
  }
>
  <View
    style={
      Array [
        Object {
          "backgroundColor": "#fff",
        },
        Object {
          "marginBottom": 10,
        },
      ]
    }
  >
    <Text
      style={
        Array [
          Object {
            "color": "#000000",
          },
          Object {
            "fontFamily": "EB-Garamond",
            "fontSize": 18,
          },
        ]
      }
    >
      Prioritized Tasks
    </Text>
  </View>
  <View
    style={
      Array [
        Object {
          "backgroundColor": "#fff",
        },
        undefined,
      ]
    }
  >
    <View
      accessible={true}
      focusable={false}
      onClick={[Function]}
      onResponderGrant={[Function]}
      onResponderMove={[Function]}
      onResponderRelease={[Function]}
      onResponderTerminate={[Function]}
      onResponderTerminationRequest={[Function]}
      onStartShouldSetResponder={[Function]}
      style={
        Object {
          "backgroundColor": "#BCA136",
          "borderColor": "#636262",
          "borderRadius": 5,
          "borderWidth": 1,
          "height": 120,
          "marginBottom": "3%",
          "marginTop": 5,
          "opacity": 1,
          "paddingBottom": "8%",
          "paddingTop": "4%",
          "width": "100%",
        }
      }
    >
      <View
        style={
          Array [
            Object {
              "backgroundColor": "#fff",
            },
            Object {
              "backgroundColor": "#BCA136",
              "paddingLeft": 15,
            },
          ]
        }
      >
        <Text
          style={
            Array [
              Object {
                "color": "#000000",
              },
              Object {
                "color": "#fff",
                "fontFamily": "EB-Garamond",
                "fontSize": 18,
                "fontWeight": "bold",
              },
            ]
          }
        >
          1. Do these before anything else
        </Text>
      </View>
      <View
        style={
          Array [
            Object {
              "backgroundColor": "#fff",
            },
            Object {
              "backgroundColor": "#BCA136",
              "paddingBottom": "2%",
              "paddingLeft": "10%",
              "paddingTop": "3%",
            },
          ]
        }
      >
        <Text
          style={
            Array [
              Object {
                "color": "#000000",
              },
              Object {
                "color": "#fff",
                "fontFamily": "Forum-Regular",
                "fontSize": 16,
              },
            ]
          }
        >
          Test1
        </Text>
        <Text
          style={
            Array [
              Object {
                "color": "#000000",
              },
              Object {
                "color": "#fff",
                "fontFamily": "Forum-Regular",
                "fontSize": 15,
                "paddingTop": 5,
                "textDecorationLine": "underline",
              },
            ]
          }
        >
          + 1 more
        </Text>
        <View
          style={
            Array [
              Object {
                "backgroundColor": "#fff",
              },
              Object {
                "backgroundColor": "#BCA136",
                "position": "absolute",
                "right": 15,
                "top": -18,
              },
            ]
          }
        >
          <Image
            source={1}
            style={
              Object {
                "height": 18,
                "width": 18,
              }
            }
          />
        </View>
      </View>
    </View>
    <View
      accessible={true}
      focusable={false}
      onClick={[Function]}
      onResponderGrant={[Function]}
      onResponderMove={[Function]}
      onResponderRelease={[Function]}
      onResponderTerminate={[Function]}
      onResponderTerminationRequest={[Function]}
      onStartShouldSetResponder={[Function]}
      style={
        Object {
          "backgroundColor": "#D3B53D",
          "borderColor": "#636262",
          "borderRadius": 5,
          "borderWidth": 1,
          "height": 120,
          "marginBottom": "3%",
          "marginTop": 5,
          "opacity": 1,
          "paddingBottom": "8%",
          "paddingTop": "4%",
          "width": "100%",
        }
      }
    >
      <View
        style={
          Array [
            Object {
              "backgroundColor": "#fff",
            },
            Object {
              "backgroundColor": "#D3B53D",
              "paddingLeft": 15,
            },
          ]
        }
      >
        <Text
          style={
            Array [
              Object {
                "color": "#000000",
              },
              Object {
                "color": "#fff",
                "fontFamily": "EB-Garamond",
                "fontSize": 18,
                "fontWeight": "bold",
              },
            ]
          }
        >
          2. Sort these important things out
        </Text>
      </View>
      <View
        style={
          Array [
            Object {
              "backgroundColor": "#fff",
            },
            Object {
              "backgroundColor": "#D3B53D",
              "paddingBottom": "2%",
              "paddingLeft": "10%",
              "paddingTop": "3%",
            },
          ]
        }
      >
        <Text
          style={
            Array [
              Object {
                "color": "#000000",
              },
              Object {
                "color": "#fff",
                "fontFamily": "Forum-Regular",
                "fontSize": 16,
              },
            ]
          }
        >
          test3
        </Text>
        <Text
          style={
            Array [
              Object {
                "color": "#000000",
              },
              Object {
                "color": "#fff",
                "fontFamily": "Forum-Regular",
                "fontSize": 15,
                "paddingTop": 5,
                "textDecorationLine": "underline",
              },
            ]
          }
        >
          + 1 more
        </Text>
        <View
          style={
            Array [
              Object {
                "backgroundColor": "#fff",
              },
              Object {
                "backgroundColor": "#D3B53D",
                "position": "absolute",
                "right": 15,
                "top": -18,
              },
            ]
          }
        >
          <Image
            source={1}
            style={
              Object {
                "height": 18,
                "width": 18,
              }
            }
          />
        </View>
      </View>
    </View>
    <View
      accessible={true}
      focusable={false}
      onClick={[Function]}
      onResponderGrant={[Function]}
      onResponderMove={[Function]}
      onResponderRelease={[Function]}
      onResponderTerminate={[Function]}
      onResponderTerminationRequest={[Function]}
      onStartShouldSetResponder={[Function]}
      style={
        Object {
          "backgroundColor": "#FEFEF8",
          "borderColor": "#636262",
          "borderRadius": 5,
          "borderWidth": 1,
          "height": 120,
          "marginBottom": "3%",
          "marginTop": 5,
          "opacity": 1,
          "paddingBottom": "8%",
          "paddingTop": "4%",
          "width": "100%",
        }
      }
    >
      <View
        style={
          Array [
            Object {
              "backgroundColor": "#fff",
            },
            Object {
              "backgroundColor": "#FEFEF8",
              "paddingLeft": 15,
            },
          ]
        }
      >
        <Text
          style={
            Array [
              Object {
                "color": "#000000",
              },
              Object {
                "color": "#848484",
                "fontFamily": "EB-Garamond",
                "fontSize": 18,
                "fontWeight": "bold",
              },
            ]
          }
        >
          3. These can wait a bit
        </Text>
      </View>
      <View
        style={
          Array [
            Object {
              "backgroundColor": "#fff",
            },
            Object {
              "alignItems": "center",
              "backgroundColor": "#FEFEF8",
              "flexDirection": "row",
              "justifyContent": "center",
              "paddingTop": "8%",
            },
          ]
        }
      >
        <Text
          style={
            Array [
              Object {
                "color": "#000000",
              },
              Object {
                "color": "#848484",
                "fontFamily": "Forum-Regular",
                "fontSize": 16,
              },
            ]
          }
        >
          No awaiting tasks
        </Text>
      </View>
    </View>
    <View
      accessible={true}
      focusable={false}
      onClick={[Function]}
      onResponderGrant={[Function]}
      onResponderMove={[Function]}
      onResponderRelease={[Function]}
      onResponderTerminate={[Function]}
      onResponderTerminationRequest={[Function]}
      onStartShouldSetResponder={[Function]}
      style={
        Object {
          "backgroundColor": "#EBC944",
          "borderColor": "#636262",
          "borderRadius": 5,
          "borderWidth": 1,
          "height": 120,
          "marginBottom": "3%",
          "marginTop": 5,
          "opacity": 1,
          "paddingBottom": "8%",
          "paddingTop": "4%",
          "width": "100%",
        }
      }
    >
      <View
        style={
          Array [
            Object {
              "backgroundColor": "#fff",
            },
            Object {
              "backgroundColor": "#EBC944",
              "paddingLeft": 15,
            },
          ]
        }
      >
        <Text
          style={
            Array [
              Object {
                "color": "#000000",
              },
              Object {
                "color": "#fff",
                "fontFamily": "EB-Garamond",
                "fontSize": 18,
                "fontWeight": "bold",
              },
            ]
          }
        >
          4. These are for spare time
        </Text>
      </View>
      <View
        style={
          Array [
            Object {
              "backgroundColor": "#fff",
            },
            Object {
              "backgroundColor": "#EBC944",
              "paddingBottom": "2%",
              "paddingLeft": "10%",
              "paddingTop": "3%",
            },
          ]
        }
      >
        <Text
          style={
            Array [
              Object {
                "color": "#000000",
              },
              Object {
                "color": "#fff",
                "fontFamily": "Forum-Regular",
                "fontSize": 16,
              },
            ]
          }
        >
          test5
        </Text>
        <View
          style={
            Array [
              Object {
                "backgroundColor": "#fff",
              },
              Object {
                "backgroundColor": "#EBC944",
                "position": "absolute",
                "right": 15,
                "top": -18,
              },
            ]
          }
        >
          <Image
            source={1}
            style={
              Object {
                "height": 18,
                "width": 18,
              }
            }
          />
        </View>
      </View>
    </View>
  </View>
</View>
`;
