// Jest Snapshot v1, https://goo.gl/fbAQLP

exports[`Test PrioritizedTasks component Should renders PrioritizedTasks correctly 1`] = `
<View
  style={
    Array [
      Object {
        "backgroundColor": "#fff",
      },
      Object {
        "borderColor": "#636262",
        "borderRadius": 5,
        "borderWidth": 0.5,
        "padding": 20,
        "shadowColor": "#171717",
        "shadowOffset": Object {
          "height": 5,
          "width": 3,
        },
        "shadowOpacity": 0.2,
        "shadowRadius": 3,
        "width": "85%",
      },
    ]
  }
>
  <View
    style={
      Array [
        Object {
          "backgroundColor": "#fff",
        },
        Object {
          "marginBottom": 10,
        },
      ]
    }
  >
    <Text
      style={
        Array [
          Object {
            "color": "#000000",
          },
          Object {
            "fontFamily": "EB-Garamond",
            "fontSize": 18,
          },
        ]
      }
    >
      Prioritized Tasks
    </Text>
  </View>
  <View
    style={
      Array [
        Object {
          "backgroundColor": "#fff",
        },
        Object {
          "alignItems": "center",
          "flexDirection": "column",
          "height": "80%",
          "justifyContent": "center",
          "padding": 20,
        },
      ]
    }
  >
    <Image
      source={1}
      style={
        Object {
          "height": 40,
          "width": 40,
        }
      }
    />
    <Text
      style={
        Array [
          Object {
            "color": "#000000",
          },
          Object {
            "color": "#848484",
            "fontFamily": "Forum-Regular",
            "fontSize": 16,
            "paddingTop": 20,
          },
        ]
      }
    >
      Small steps, great achievement
    </Text>
  </View>
</View>
`;
