// Jest Snapshot v1, https://goo.gl/fbAQLP

exports[`Test UnprioritizedTasks component Should renders UnprioritizedTasks correctly 1`] = `
<View
  style={
    Array [
      Object {
        "backgroundColor": "#fff",
      },
      Object {
        "borderColor": "#848484",
        "borderRadius": 5,
        "borderWidth": 0.5,
        "padding": 20,
        "width": "90%",
      },
    ]
  }
>
  <View
    style={
      Array [
        Object {
          "backgroundColor": "#fff",
        },
        Object {
          "marginBottom": 10,
        },
      ]
    }
  >
    <Text
      style={
        Array [
          Object {
            "color": "#848484",
          },
          Object {
            "fontFamily": "Lexend-SemiBold",
            "fontSize": 16,
          },
        ]
      }
    >
      Recently Added Tasks
    </Text>
  </View>
  <View
    style={
      Array [
        Object {
          "backgroundColor": "#fff",
        },
        Object {
          "alignItems": "center",
          "flexDirection": "row",
          "height": 100,
          "justifyContent": "center",
          "padding": 20,
        },
      ]
    }
  >
    <Text
      style={
        Array [
          Object {
            "color": "#554F4F",
          },
          Object {
            "color": "#848484",
            "fontFamily": "Lexend-Regular",
            "fontSize": 14,
          },
        ]
      }
    >
      Nothing there yet
    </Text>
  </View>
</View>
`;
