// Jest Snapshot v1, https://goo.gl/fbAQLP

exports[`Test PriorIntroHeader component Should renders PriorIntroHeader correctly 1`] = `
<View
  style={
    Array [
      Object {
        "backgroundColor": "#fff",
      },
      Object {
        "flex": 1,
        "flexDirection": "column",
        "width": "95%",
      },
    ]
  }
>
  <View
    style={
      Array [
        Object {
          "backgroundColor": "#fff",
        },
        Object {
          "alignItems": "center",
          "flex": 4,
          "flexDirection": "row",
          "justifyContent": "flex-start",
          "marginLeft": "4.5%",
          "marginRight": "5%",
          "paddingTop": "2.5%",
          "width": "90%",
        },
      ]
    }
  >
    <View
      accessible={true}
      focusable={true}
      onClick={[Function]}
      onResponderGrant={[Function]}
      onResponderMove={[Function]}
      onResponderRelease={[Function]}
      onResponderTerminate={[Function]}
      onResponderTerminationRequest={[Function]}
      onStartShouldSetResponder={[Function]}
      style={
        Object {
          "alignItems": "center",
          "backgroundColor": "#fff",
          "flexDirection": "row",
          "justifyContent": "center",
          "opacity": 1,
        }
      }
    >
      <Image
        source={1}
        style={
          Object {
            "height": 18,
            "width": 18,
          }
        }
      />
    </View>
  </View>
  <View
    style={
      Array [
        Object {
          "backgroundColor": "#fff",
        },
        Object {
          "alignItems": "center",
          "flex": 6,
          "flexDirection": "column",
          "flexShrink": 1,
          "justifyContent": "center",
        },
      ]
    }
  >
    <Image
      source={1}
      style={
        Object {
          "height": 36,
          "width": 36,
        }
      }
    />
    <Text
      style={
        Array [
          Object {
            "color": "#554F4F",
          },
          Object {
            "fontFamily": "Lexend-SemiBold",
            "fontSize": 20,
            "paddingBottom": 5,
            "paddingTop": 10,
          },
        ]
      }
    >
      Let’s Prioritize Tasks
    </Text>
    <Text
      style={
        Array [
          Object {
            "color": "#554F4F",
          },
          Object {
            "fontFamily": "Lexend-Regular",
            "fontSize": 14,
          },
        ]
      }
    >
      We will ask two questions for each task
    </Text>
  </View>
</View>
`;
