// Jest Snapshot v1, https://goo.gl/fbAQLP

exports[`Test PriorExplanation component Should renders PriorExplanation correctly 1`] = `
<View
  style={
    Array [
      Object {
        "backgroundColor": "#fff",
      },
      undefined,
    ]
  }
>
  <View
    style={
      Array [
        Object {
          "backgroundColor": "#fff",
        },
        Object {
          "alignItems": "center",
          "flex": 5,
          "flexDirection": "row",
          "justifyContent": "flex-start",
          "marginBottom": 5,
          "marginTop": 5,
          "width": "70%",
        },
      ]
    }
  >
    <View
      style={
        Array [
          Object {
            "backgroundColor": "#fff",
          },
          Object {
            "width": "30%",
          },
        ]
      }
    >
      <Image
        source={1}
        style={
          Object {
            "height": 60,
            "width": 60,
          }
        }
      />
    </View>
    <View
      style={
        Array [
          Object {
            "backgroundColor": "#fff",
          },
          Object {
            "width": "70%",
          },
        ]
      }
    >
      <Text
        style={
          Array [
            Object {
              "color": "#554F4F",
            },
            Object {
              "fontFamily": "Lexend-SemiBold",
              "fontSize": 18,
              "marginBottom": 6,
            },
          ]
        }
      >
        Is this task urgent?
      </Text>
      <Text
        style={
          Array [
            Object {
              "color": "#554F4F",
            },
            Object {
              "fontFamily": "Lexend-Regular",
              "fontSize": 15,
            },
          ]
        }
      >
        Answer ‘yes’ if there is any time pressure to finish the task.
      </Text>
    </View>
  </View>
  <View
    style={
      Array [
        Object {
          "backgroundColor": "#fff",
        },
        Object {
          "alignItems": "center",
          "flex": 5,
          "flexDirection": "row",
          "justifyContent": "flex-start",
          "marginBottom": 5,
          "marginTop": 5,
          "width": "70%",
        },
      ]
    }
  >
    <View
      style={
        Array [
          Object {
            "backgroundColor": "#fff",
          },
          Object {
            "width": "30%",
          },
        ]
      }
    >
      <Image
        source={1}
        style={
          Object {
            "height": 60,
            "width": 60,
          }
        }
      />
    </View>
    <View
      style={
        Array [
          Object {
            "backgroundColor": "#fff",
          },
          Object {
            "width": "70%",
          },
        ]
      }
    >
      <Text
        style={
          Array [
            Object {
              "color": "#554F4F",
            },
            Object {
              "fontFamily": "Lexend-SemiBold",
              "fontSize": 18,
              "marginBottom": 6,
            },
          ]
        }
      >
        Is this task important?
      </Text>
      <Text
        style={
          Array [
            Object {
              "color": "#554F4F",
            },
            Object {
              "fontFamily": "Lexend-Regular",
              "fontSize": 15,
            },
          ]
        }
      >
        Think twice, and mark ‘yes’ if the task is crucial to achieving your goal.
      </Text>
    </View>
  </View>
</View>
`;
