// Jest Snapshot v1, https://goo.gl/fbAQLP

exports[`Test EmptyBucket component Should renders EmptyBucket correctly 1`] = `
Array [
  <Text
    style={
      Array [
        Object {
          "color": "#848484",
        },
        Object {
          "fontFamily": "Lexend-SemiBold",
          "fontSize": 16,
          "paddingLeft": "5%",
          "paddingTop": 5,
        },
      ]
    }
  >
    This should be title of empty prio bucket
  </Text>,
  <View
    style={
      Array [
        Object {
          "backgroundColor": "#FEFEF8",
        },
        Object {
          "alignItems": "center",
          "backgroundColor": "#FEFEF8",
          "flexDirection": "row",
          "justifyContent": "center",
          "paddingBottom": "6%",
          "paddingTop": "12%",
        },
      ]
    }
  >
    <Text
      style={
        Array [
          Object {
            "color": "#848484",
          },
          Object {
            "fontFamily": "Lexend-Regular",
            "fontSize": 14,
          },
        ]
      }
    >
      No awaiting tasks
    </Text>
  </View>,
]
`;
