// Jest Snapshot v1, https://goo.gl/fbAQLP

exports[`Test EmptyBucket component Should renders EmptyBucket correctly 1`] = `
Array [
  <View
    style={
      Array [
        Object {
          "backgroundColor": "#fff",
        },
        Object {
          "alignItems": "center",
          "flexDirection": "row",
          "justifyContent": "flex-start",
          "paddingLeft": "6%",
        },
      ]
    }
  >
    <Image
      source={1}
      style={
        Object {
          "height": 30,
          "width": 30,
        }
      }
    />
    <Text
      style={
        Array [
          Object {
            "color": "#848484",
          },
          Object {
            "fontFamily": "Lexend-SemiBold",
            "fontSize": 16,
            "paddingLeft": "5%",
          },
        ]
      }
    >
      This should be title of empty prio bucket
    </Text>
  </View>,
  <View
    style={
      Array [
        Object {
          "backgroundColor": "#FDFCFC",
        },
        Object {
          "alignItems": "center",
          "flexDirection": "row",
          "justifyContent": "center",
          "paddingBottom": "6%",
          "paddingTop": "12%",
        },
      ]
    }
  >
    <Text
      style={
        Array [
          Object {
            "color": "#848484",
          },
          Object {
            "fontFamily": "Lexend-Regular",
            "fontSize": 14,
          },
        ]
      }
    >
      No tasks in this list
    </Text>
  </View>,
]
`;
