// Jest Snapshot v1, https://goo.gl/fbAQLP

exports[`Test TaskReadable component Should renders TaskReadable correctly 1`] = `
<View
  style={
    Array [
      Object {
        "backgroundColor": "#fff",
      },
      Object {
        "alignItems": "center",
        "borderColor": "#848484",
        "borderRadius": 5,
        "borderWidth": 1,
        "flexDirection": "row",
        "justifyContent": "center",
        "marginBottom": 5,
        "marginLeft": "7.5%",
        "marginRight": "7.5%",
        "marginTop": 5,
        "paddingBottom": "3%",
        "paddingLeft": "3%",
        "paddingRight": "3%",
        "paddingTop": "3%",
        "width": "85%",
      },
    ]
  }
>
  <Text
    style={
      Array [
        Object {
          "color": "#554F4F",
        },
        Object {
          "fontFamily": "Lexend-Regular",
          "fontSize": 14,
        },
      ]
    }
  >
    This should be title of empty prio bucket
  </Text>
</View>
`;
