// Jest Snapshot v1, https://goo.gl/fbAQLP

exports[`Test AddGoalForm component Should renders AddGoalForm correctly 1`] = `
<View
  accessible={true}
  focusable={true}
  onClick={[Function]}
  onResponderGrant={[Function]}
  onResponderMove={[Function]}
  onResponderRelease={[Function]}
  onResponderTerminate={[Function]}
  onResponderTerminationRequest={[Function]}
  onStartShouldSetResponder={[Function]}
  style={
    Array [
      Object {
        "backgroundColor": "#fff",
      },
      undefined,
    ]
  }
>
  <View
    style={
      Array [
        Object {
          "backgroundColor": "#fff",
        },
        Object {
          "paddingBottom": 70,
          "paddingLeft": 60,
          "paddingTop": 70,
        },
      ]
    }
  >
    <TextInput
      allowFontScaling={true}
      multiline={true}
      onChangeText={[Function]}
      placeholder="Write your goal in a sentence"
      placeholderTextColor="#848484"
      rejectResponderTermination={true}
      style={
        Object {
          "fontFamily": "EB-Garamond",
          "fontSize": 25,
          "fontWeight": "bold",
        }
      }
      underlineColorAndroid="transparent"
      value=""
    />
  </View>
  <View
    style={
      Array [
        Object {
          "backgroundColor": "#fff",
        },
        Object {
          "paddingBottom": 50,
          "paddingLeft": 60,
        },
      ]
    }
  >
    <View
      style={
        Array [
          Object {
            "backgroundColor": "#fff",
          },
          Object {
            "alignItems": "center",
            "flexDirection": "row",
            "justifyContent": "flex-start",
          },
        ]
      }
    >
      <Text
        style={
          Array [
            Object {
              "color": "#655C5C",
            },
            Object {
              "fontFamily": "EB-Garamond",
              "fontSize": 20,
              "paddingRight": 12,
            },
          ]
        }
      >
        Movivation
      </Text>
      <Image
        source={1}
        style={
          Object {
            "height": 32,
            "width": 32,
          }
        }
      />
    </View>
    <TextInput
      allowFontScaling={true}
      multiline={true}
      onChangeText={[Function]}
      placeholder="Write down why you want to achieve this goal"
      placeholderTextColor="#848484"
      rejectResponderTermination={true}
      style={
        Object {
          "fontFamily": "Forum-Regular",
          "fontSize": 20,
          "paddingBottom": 10,
          "paddingTop": 2,
        }
      }
      underlineColorAndroid="transparent"
      value=""
    />
  </View>
  <View
    style={
      Array [
        Object {
          "backgroundColor": "#fff",
        },
        Object {
          "paddingBottom": 30,
          "paddingLeft": 55,
        },
      ]
    }
  >
    <View
      style={
        Array [
          Object {
            "backgroundColor": "#fff",
          },
          Object {
            "alignItems": "center",
            "flexDirection": "row",
            "justifyContent": "flex-start",
          },
        ]
      }
    >
      <Text
        style={
          Array [
            Object {
              "color": "#655C5C",
            },
            Object {
              "fontFamily": "EB-Garamond",
              "fontSize": 20,
              "paddingRight": 12,
            },
          ]
        }
      >
        Reminder
      </Text>
      <Image
        source={1}
        style={
          Object {
            "height": 32,
            "width": 32,
          }
        }
      />
    </View>
    <View
      style={
        Array [
          Object {
            "backgroundColor": "#fff",
          },
          Object {
            "marginLeft": "5%",
            "marginRight": "5%",
            "paddingTop": 18,
            "width": "80%",
          },
        ]
      }
    >
      <View
        accessible={true}
        focusable={true}
        onClick={[Function]}
        onResponderGrant={[Function]}
        onResponderMove={[Function]}
        onResponderRelease={[Function]}
        onResponderTerminate={[Function]}
        onResponderTerminationRequest={[Function]}
        onStartShouldSetResponder={[Function]}
        style={
          Object {
            "alignItems": "center",
            "backgroundColor": "#ffffff",
            "borderColor": "#636262",
            "borderRadius": 10,
            "borderStyle": "solid",
            "borderWidth": 1,
            "flexDirection": "row",
            "height": 50,
            "justifyContent": "center",
            "marginBottom": 10,
            "marginTop": 10,
            "opacity": 1,
            "overflow": "hidden",
            "paddingBottom": 10,
            "paddingTop": 10,
            "width": "100%",
          }
        }
      >
        <Text
          style={
            Array [
              Object {
                "color": "#636262",
              },
              Object {
                "fontFamily": "Forum-Regular",
                "fontSize": 20,
              },
            ]
          }
        >
          Every Day
        </Text>
      </View>
      <View
        accessible={true}
        focusable={true}
        onClick={[Function]}
        onResponderGrant={[Function]}
        onResponderMove={[Function]}
        onResponderRelease={[Function]}
        onResponderTerminate={[Function]}
        onResponderTerminationRequest={[Function]}
        onStartShouldSetResponder={[Function]}
        style={
          Object {
            "alignItems": "center",
            "backgroundColor": "#ffffff",
            "borderColor": "#636262",
            "borderRadius": 10,
            "borderStyle": "solid",
            "borderWidth": 1,
            "flexDirection": "row",
            "height": 50,
            "justifyContent": "center",
            "marginBottom": 10,
            "marginTop": 10,
            "opacity": 1,
            "overflow": "hidden",
            "paddingBottom": 10,
            "paddingTop": 10,
            "width": "100%",
          }
        }
      >
        <Text
          style={
            Array [
              Object {
                "color": "#636262",
              },
              Object {
                "fontFamily": "Forum-Regular",
                "fontSize": 20,
              },
            ]
          }
        >
          Every 3 Days
        </Text>
      </View>
      <View
        accessible={true}
        focusable={true}
        onClick={[Function]}
        onResponderGrant={[Function]}
        onResponderMove={[Function]}
        onResponderRelease={[Function]}
        onResponderTerminate={[Function]}
        onResponderTerminationRequest={[Function]}
        onStartShouldSetResponder={[Function]}
        style={
          Object {
            "alignItems": "center",
            "backgroundColor": "#ffffff",
            "borderColor": "#636262",
            "borderRadius": 10,
            "borderStyle": "solid",
            "borderWidth": 1,
            "flexDirection": "row",
            "height": 50,
            "justifyContent": "center",
            "marginBottom": 10,
            "marginTop": 10,
            "opacity": 1,
            "overflow": "hidden",
            "paddingBottom": 10,
            "paddingTop": 10,
            "width": "100%",
          }
        }
      >
        <Text
          style={
            Array [
              Object {
                "color": "#636262",
              },
              Object {
                "fontFamily": "Forum-Regular",
                "fontSize": 20,
              },
            ]
          }
        >
          Every Week
        </Text>
      </View>
    </View>
  </View>
  <View
    style={
      Array [
        Object {
          "backgroundColor": "#fff",
        },
        Object {
          "alignItems": "center",
          "flex": 1,
          "flexDirection": "row",
          "justifyContent": "center",
          "marginLeft": "7.5%",
          "marginRight": "7.5%",
          "width": "85%",
        },
      ]
    }
  >
    <View
      accessible={true}
      focusable={true}
      onClick={[Function]}
      onResponderGrant={[Function]}
      onResponderMove={[Function]}
      onResponderRelease={[Function]}
      onResponderTerminate={[Function]}
      onResponderTerminationRequest={[Function]}
      onStartShouldSetResponder={[Function]}
      style={
        Object {
          "alignItems": "center",
          "backgroundColor": "#0FA858",
          "borderRadius": 10,
          "flexDirection": "row",
          "justifyContent": "center",
          "opacity": 1,
          "paddingBottom": 20,
          "paddingTop": 20,
          "shadowColor": "#171717",
          "shadowOffset": Object {
            "height": 5,
            "width": 3,
          },
          "shadowOpacity": 0.2,
          "shadowRadius": 3,
          "width": "100%",
        }
      }
    >
      <Text
        style={
          Array [
            Object {
              "color": "#fff",
            },
            Object {
              "fontFamily": "Forum-Regular",
              "fontSize": 20,
            },
          ]
        }
      >
        Add goal
      </Text>
    </View>
  </View>
</View>
`;
