// Jest Snapshot v1, https://goo.gl/fbAQLP

exports[`Test AddGoalHeader component Should renders AddGoalHeader correctly 1`] = `
<View
  style={
    Array [
      Object {
        "backgroundColor": "#fff",
      },
      Object {
        "alignItems": "flex-start",
        "flex": 1,
        "flexDirection": "column",
        "justifyContent": "flex-start",
        "paddingBottom": "5%",
        "paddingLeft": "10%",
        "paddingTop": "8%",
      },
    ]
  }
>
  <View
    style={
      Array [
        Object {
          "backgroundColor": "#fff",
        },
        Object {
          "flex": 3,
          "flexDirection": "row",
        },
      ]
    }
  >
    <View
      accessible={true}
      focusable={true}
      onClick={[Function]}
      onResponderGrant={[Function]}
      onResponderMove={[Function]}
      onResponderRelease={[Function]}
      onResponderTerminate={[Function]}
      onResponderTerminationRequest={[Function]}
      onStartShouldSetResponder={[Function]}
      style={
        Object {
          "alignItems": "center",
          "backgroundColor": "#fff",
          "flexDirection": "row",
          "justifyContent": "center",
          "opacity": 1,
        }
      }
    >
      <Image
        source={1}
        style={
          Object {
            "height": 18,
            "width": 18,
          }
        }
      />
    </View>
  </View>
  <View
    style={
      Array [
        Object {
          "backgroundColor": "#fff",
        },
        Object {
          "flex": 5,
          "flexDirection": "row",
          "paddingLeft": "4.5%",
          "paddingTop": "3.5%",
        },
      ]
    }
  >
    <Text
      style={
        Array [
          Object {
            "color": "#554F4F",
          },
          Object {
            "fontFamily": "Lexend-Bold",
            "fontSize": 22,
            "fontWeight": "bold",
            "paddingRight": 12,
          },
        ]
      }
    >
      New Goal
    </Text>
    <Image
      source={1}
      style={
        Object {
          "height": 28,
          "width": 28,
        }
      }
    />
  </View>
</View>
`;
