// Jest Snapshot v1, https://goo.gl/fbAQLP

exports[`Test AddGoalFormLabel component Should renders AddGoalFormLabel correctly 1`] = `
<View
  style={
    Array [
      Object {
        "backgroundColor": "#fff",
      },
      Object {
        "alignItems": "center",
        "flexDirection": "row",
        "justifyContent": "flex-start",
        "paddingBottom": 10,
      },
    ]
  }
>
  <Text
    style={
      Array [
        Object {
          "color": "#848484",
        },
        Object {
          "fontFamily": "Lexend-Bold",
          "fontSize": 20,
          "fontWeight": "bold",
          "paddingRight": 12,
        },
      ]
    }
  >
    Motivation
  </Text>
  <Image
    source={1}
    style={
      Object {
        "height": 24,
        "width": 24,
      }
    }
  />
</View>
`;
