// Jest Snapshot v1, https://goo.gl/fbAQLP

exports[`Test PriorReviewHeader component Should renders PriorReviewHeader correctly 1`] = `
<View
  style={
    Array [
      Object {
        "backgroundColor": "#fff",
      },
      Object {
        "flex": 1,
        "paddingBottom": "2.5%",
        "paddingTop": "5%",
      },
    ]
  }
>
  <View
    style={
      Array [
        Object {
          "backgroundColor": "#fff",
        },
        Object {
          "alignItems": "center",
          "flex": 3,
          "flexDirection": "row",
          "justifyContent": "flex-start",
        },
      ]
    }
  >
    <View
      style={
        Array [
          Object {
            "backgroundColor": "#fff",
          },
          Object {
            "paddingLeft": "5.5%",
            "paddingTop": 0,
          },
        ]
      }
    >
      <View
        accessible={true}
        focusable={true}
        onClick={[Function]}
        onResponderGrant={[Function]}
        onResponderMove={[Function]}
        onResponderRelease={[Function]}
        onResponderTerminate={[Function]}
        onResponderTerminationRequest={[Function]}
        onStartShouldSetResponder={[Function]}
        style={
          Object {
            "alignItems": "center",
            "backgroundColor": "#fff",
            "flexDirection": "row",
            "justifyContent": "center",
            "opacity": 1,
          }
        }
      >
        <Image
          source={1}
          style={
            Object {
              "height": 20,
              "width": 20,
            }
          }
        />
      </View>
    </View>
  </View>
  <View
    style={
      Array [
        Object {
          "backgroundColor": "#fff",
        },
        Object {
          "flex": 3,
          "paddingLeft": "10%",
        },
      ]
    }
  >
    <View
      style={
        Array [
          Object {
            "backgroundColor": "#fff",
          },
          Object {
            "alignItems": "center",
            "flexDirection": "row",
            "justifyContent": "flex-start",
            "paddingTop": "2.5%",
            "width": "100%",
          },
        ]
      }
    >
      <Text
        style={
          Array [
            Object {
              "color": "#554F4F",
            },
            Object {
              "fontFamily": "Lexend-SemiBold",
              "fontSize": 20,
              "paddingRight": "3%",
            },
          ]
        }
      >
        Review Priority
      </Text>
      <Image
        source={1}
        style={
          Object {
            "height": 32,
            "width": 32,
          }
        }
      />
    </View>
  </View>
  <View
    style={
      Array [
        Object {
          "backgroundColor": "#fff",
        },
        Object {
          "flex": 4,
          "flexShrink": 1,
          "marginTop": "8%",
          "paddingLeft": "12%",
          "width": "90%",
        },
      ]
    }
  >
    <Text
      style={
        Array [
          Object {
            "color": "#554F4F",
          },
          Object {
            "flexShrink": 1,
            "fontFamily": "Lexend-SemiBold",
            "fontSize": 18,
            "paddingBottom": "8.5%",
          },
        ]
      }
    >
      Mock goal
    </Text>
    <Text
      style={
        Array [
          Object {
            "color": "#554F4F",
          },
          Object {
            "fontFamily": "Lexend-Regular",
            "fontSize": 13,
          },
        ]
      }
    >
      6 tasks have been prioritised
    </Text>
  </View>
</View>
`;
