// Jest Snapshot v1, https://goo.gl/fbAQLP

exports[`Test PriorReviewHeader component Should renders PriorReviewHeader correctly 1`] = `
<View
  style={
    Array [
      Object {
        "backgroundColor": "#fff",
      },
      Object {
        "paddingBottom": 15,
      },
    ]
  }
>
  <View
    style={
      Array [
        Object {
          "backgroundColor": "#fff",
        },
        Object {
          "alignItems": "center",
          "flexDirection": "row",
          "height": "40%",
          "justifyContent": "flex-start",
        },
      ]
    }
  >
    <View
      style={
        Array [
          Object {
            "backgroundColor": "#fff",
          },
          Object {
            "paddingLeft": 25,
            "paddingTop": 0,
          },
        ]
      }
    >
      <View
        accessible={true}
        focusable={true}
        onClick={[Function]}
        onResponderGrant={[Function]}
        onResponderMove={[Function]}
        onResponderRelease={[Function]}
        onResponderTerminate={[Function]}
        onResponderTerminationRequest={[Function]}
        onStartShouldSetResponder={[Function]}
        style={
          Object {
            "alignItems": "center",
            "backgroundColor": "#fff",
            "flexDirection": "row",
            "justifyContent": "center",
            "opacity": 1,
          }
        }
      >
        <Image
          source={1}
          style={
            Object {
              "height": 20,
              "width": 20,
            }
          }
        />
      </View>
    </View>
  </View>
  <View
    style={
      Array [
        Object {
          "backgroundColor": "#fff",
        },
        Object {
          "paddingLeft": "10%",
        },
      ]
    }
  >
    <View
      style={
        Array [
          Object {
            "backgroundColor": "#fff",
          },
          Object {
            "alignItems": "center",
            "flexDirection": "row",
            "justifyContent": "flex-start",
            "width": "100%",
          },
        ]
      }
    >
      <Text
        style={
          Array [
            Object {
              "color": "#000000",
            },
            Object {
              "fontFamily": "EB-Garamond",
              "fontSize": 25,
              "paddingRight": 10,
            },
          ]
        }
      >
        REVIEW PRIORITY
      </Text>
      <Image
        source={1}
        style={
          Object {
            "height": 32,
            "width": 32,
          }
        }
      />
    </View>
  </View>
  <View
    style={
      Array [
        Object {
          "backgroundColor": "#fff",
        },
        Object {
          "marginTop": "8%",
          "paddingLeft": "10%",
        },
      ]
    }
  >
    <Text
      style={
        Array [
          Object {
            "color": "#000000",
          },
          Object {
            "fontFamily": "EB-Garamond",
            "fontSize": 24,
            "paddingBottom": 5,
          },
        ]
      }
    >
      Mock goal
    </Text>
    <Text
      style={
        Array [
          Object {
            "color": "#000000",
          },
          Object {
            "fontFamily": "Forum-Regular",
            "fontSize": 18,
          },
        ]
      }
    >
      Mock motivation
    </Text>
  </View>
</View>
`;
